// Jest Snapshot v1, https://goo.gl/fbAQLP

exports[`loader should work with html file: assets 1`] = `
Array [
  "main.bundle.js",
]
`;

exports[`loader should work with html file: errors 1`] = `Array []`;

exports[`loader should work with html file: result 1`] = `
Array [
  "background-image:url(data:image/png;base64,iVBORw0KGgoAAAANSUhEUgAAADAAAAA1CAYAAAAHz2g0AAAAAXNSR0IArs4c6QAAAARnQU1BAACxjwv8YQUAAAAJcEhZcwAADsMAAA7DAcdvqGQAAAhQSURBVGhD1Zppe9VGEoW7da+XHz3BYGIW2xA224AXAoHM+ptmkkwIIWSYJQlMIEQ5p7pPq9RqGT98mvnwPi1ruXqrbnVpuQ7hd3/t40d/K4RzX51K3Ph7cz2xbeczG1jn0fozEi983SRsDsSLT/vg5c8aQCuIsl4SHxpA3pey3eZTo8hzu5P/vwxA4s0AunNfTMRqJOqDGK3zIo0AJDPHe/ebC4DyZwmgO48PccIebpPAhwZAymdUx9i30QpA8v8rAZDyOfmYlnz38Td9oJSXWEKCUKZFOPdlU6yw8UUfz385IXC8gHM16DZx7otiKulZbD3rA8WxzfABUPC9AXj5KgDLXiVeaIgTys8FUMuTqABIK4D30ZK3r5ytjQHkzypwXQsn6mlJE4p7ShA6UUu2RTProPRnLPv9tV0tUZxFmrBkankRthBALeJP7gVEkb8AqouK4fadEyYSLJnMtERJd+nbPl5OhEuQFyN5nuwMAdjYkDcpJy28sOc0YUJpL14TroA6AC3XSNhDMZtIWcaEcjCiFi77OVGf0Xj5uwlBXHkxXr4KPjQACZ4WQEvc9mmIJ3lmNglOxIX9DShvAVRiLbxU6b+iIdhCwnUZdFeeQ+R5H7chDUpmOW5/X4g7/zDs7x2wi2XSEvZ4+UkADdEmkywnKC5Mfgc0pEm3+7KP116O5UsAXqoSH20jkmILE04wbLFLQGqOVllU0pKjMOmu/9MIn4Br2EauIxhSC/pslwBcNk+v37H87ERsyCvTXlzyJi4krr9rwRKMX+ephGuK6JywJl+V9SEAyF2DmLj+r4Eb/4Y0RsJl0pR0KOMFJ8sJWDMRBvEqJDNz4qXGG/LxkyzriDf/Y5QAJDgnrsxPhF0HKV2kkq7FvXxdMqNsV7ImfCtz+4dELWsBsESytJdX1indkjcqcckX4VPlMeZsj6Qh2t3Kwl7eAmDXEJx8voughm0CunLottPJNdYErJ/Aus5ElIYo2c5lUkrlJqgzLe78OLAHTm17Tr5ktCHt8eJxZxCvA5iVl3gt78Ulv/8TAsiyk3YnedcxKMjJpgnXYlZYVOKtcmmKS7hG4l3OtM+6Fz+LfGIoEdI5YUkXsjTru9S4zzKIez8ZlI0HryaEUXkY4xIwnIzHi7WQqJVGxksry5GiYu81ZAfiwX+N7u7PRrhXoboeJmWWrsQXECHvE5ewz7BH4l66Q4aJZTsL1+KLe2/6eH9KoDTbWbmQ+Lp1UqS7AYksOEe8ia8eaAy38PU74m187XcSzDbp9iEKTHofUnffFuK9XwYO300IrRqur4JFHhlsSRfY/kw6i9/O4n6kPEsjl0oRB+EuGeTD/SRuo5c+yuPxr5gDEs7MZdjk53qzQDmY4F7KrhdcHKRSMFHUri2jBHxp2Pr77/ru6FeDghpFPOn7ADSOA/A3SS3xOXkTB2h1ymYLy3CefBTuDt8akTAArquEJV2Ea8rdXabUrifXbymBGmRcXWPSKawsHMx2lu6OfjHCcR6PUDZYDifgAUqkQfwUQXlGGbdLeJb1OFlNPJWIqDM8h6QXx5A5GTMnLLx4fIhvBYRReQDfJVrCdVmYeEPUyGVhmc1ItnuQpDqKUKiA7D8ciI+wf0UQn/EbqOrZC5NRiwPqy4KimoSaiBN5lgWQuJevaQmTDrLEpD1lAma8bEvay3qGCYnMoM0V6gn5AJKg+zShUihU0hNhEB+jdJ5kJD7cb7TFibJtE1FjnpCiFjZcQBYAs9+SB8q0R9KeIQB/Z8ca55XwoCJfEXlBsbI4BBxdbQvVeCHXdikRwgxL9hEkTHKQX2A76T4bCI8T3efYD8TMJIAkDdEqgCQPKO+ljx1of5S17gF530UsAMgukD3hM9ohm2TxGAE44pNEyHS/x36Z8Acwvj1FR/Hiktdl3S7lKhUEU6MAsrRvea1SYAkokzWBgg3iHzH+ydHd5cUnYd1Dwh53L6I+PimVnHGTfpjlMVI+qEyQ0TKqhl12w+eAgrVkzZ/BXzKT29RS6wMSZ5Ylq3bYPUBAgP3berjJgjKydrMwM6uRskIZZklQ7iwoAJN2XcTuRVzXYBdJ9yIQR1bVwxdsgyyNhwgmw8lZxAXlicqCkg1KaXg5UovXSLJQ3yzliagOMoyQRjl4UnngGIPLGVfrLXExKZUa7lNjAZzgJAQ9OiCzAYLDiPXIqtUyMspOYnhpUCamZZ0j1lM+b1OX8ROVTLqKh+sc5RhHGElnySQwM1qZzKNA1CaHtpnb4iPMmdzbtW6JwJZP3iUgLlYgSNJ2gGSs4LNWwQqWlzznpGY93CbYWYhE58iTWfNi8QgnxfE8IeHJPes4TxrfZfp+Dces4lgDDWLl5G2/PH5jhH3cOZA93LsRloZQqdSklogO4+4ObdJm2QQaAFhFkGvY37OOBrCOa4RYw0WPrB696VcPX/fLw1f9yv1X/fIeH+75kM+Hfd5c8g6Zt/l80MIDF9HvA8J6t2Noj4kVlBih2AjsuwIZsoTM4uhnYx3tdg3dbA3dbRXXleXB636x/2qQukEZPjzxCRBc/x686MPud4ltvo8CV7FM+A7WXttnqlfzQRJiFZN6BK4DCQgBytky5FbwALPEFVxyC96O85maLwP4iLr7Mv0kJBFyia8yydPEVh4//jrhX20KvSkk/m++fLNsZdY54vaBrO4je3eQPTzgdDcgmMXKa0O+jmEGLvMDIcS32PZ2G8sjuK6BfkipycfFredGdym9NRQKqrwK1buekrldLO9AdBsZvApRHoQPKkLnkaUNwF/ryQb5aviXnAvfJDYzFyn7rO8ufmvopyv/Q7gn4ti4+azAYyYBgfQ69EX/G7/n1kteKVa1AAAAAElFTkSuQmCC)",
  "background:url(data:image/png;base64,iVBORw0KGgoAAAANSUhEUgAAADAAAAA1CAYAAAAHz2g0AAAAAXNSR0IArs4c6QAAAARnQU1BAACxjwv8YQUAAAAJcEhZcwAADsMAAA7DAcdvqGQAAAhQSURBVGhD1Zppe9VGEoW7da+XHz3BYGIW2xA224AXAoHM+ptmkkwIIWSYJQlMIEQ5p7pPq9RqGT98mvnwPi1ruXqrbnVpuQ7hd3/t40d/K4RzX51K3Ph7cz2xbeczG1jn0fozEi983SRsDsSLT/vg5c8aQCuIsl4SHxpA3pey3eZTo8hzu5P/vwxA4s0AunNfTMRqJOqDGK3zIo0AJDPHe/ebC4DyZwmgO48PccIebpPAhwZAymdUx9i30QpA8v8rAZDyOfmYlnz38Td9oJSXWEKCUKZFOPdlU6yw8UUfz385IXC8gHM16DZx7otiKulZbD3rA8WxzfABUPC9AXj5KgDLXiVeaIgTys8FUMuTqABIK4D30ZK3r5ytjQHkzypwXQsn6mlJE4p7ShA6UUu2RTProPRnLPv9tV0tUZxFmrBkankRthBALeJP7gVEkb8AqouK4fadEyYSLJnMtERJd+nbPl5OhEuQFyN5nuwMAdjYkDcpJy28sOc0YUJpL14TroA6AC3XSNhDMZtIWcaEcjCiFi77OVGf0Xj5uwlBXHkxXr4KPjQACZ4WQEvc9mmIJ3lmNglOxIX9DShvAVRiLbxU6b+iIdhCwnUZdFeeQ+R5H7chDUpmOW5/X4g7/zDs7x2wi2XSEvZ4+UkADdEmkywnKC5Mfgc0pEm3+7KP116O5UsAXqoSH20jkmILE04wbLFLQGqOVllU0pKjMOmu/9MIn4Br2EauIxhSC/pslwBcNk+v37H87ERsyCvTXlzyJi4krr9rwRKMX+ephGuK6JywJl+V9SEAyF2DmLj+r4Eb/4Y0RsJl0pR0KOMFJ8sJWDMRBvEqJDNz4qXGG/LxkyzriDf/Y5QAJDgnrsxPhF0HKV2kkq7FvXxdMqNsV7ImfCtz+4dELWsBsESytJdX1indkjcqcckX4VPlMeZsj6Qh2t3Kwl7eAmDXEJx8voughm0CunLottPJNdYErJ/Aus5ElIYo2c5lUkrlJqgzLe78OLAHTm17Tr5ktCHt8eJxZxCvA5iVl3gt78Ulv/8TAsiyk3YnedcxKMjJpgnXYlZYVOKtcmmKS7hG4l3OtM+6Fz+LfGIoEdI5YUkXsjTru9S4zzKIez8ZlI0HryaEUXkY4xIwnIzHi7WQqJVGxksry5GiYu81ZAfiwX+N7u7PRrhXoboeJmWWrsQXECHvE5ewz7BH4l66Q4aJZTsL1+KLe2/6eH9KoDTbWbmQ+Lp1UqS7AYksOEe8ia8eaAy38PU74m187XcSzDbp9iEKTHofUnffFuK9XwYO300IrRqur4JFHhlsSRfY/kw6i9/O4n6kPEsjl0oRB+EuGeTD/SRuo5c+yuPxr5gDEs7MZdjk53qzQDmY4F7KrhdcHKRSMFHUri2jBHxp2Pr77/ru6FeDghpFPOn7ADSOA/A3SS3xOXkTB2h1ymYLy3CefBTuDt8akTAArquEJV2Ea8rdXabUrifXbymBGmRcXWPSKawsHMx2lu6OfjHCcR6PUDZYDifgAUqkQfwUQXlGGbdLeJb1OFlNPJWIqDM8h6QXx5A5GTMnLLx4fIhvBYRReQDfJVrCdVmYeEPUyGVhmc1ItnuQpDqKUKiA7D8ciI+wf0UQn/EbqOrZC5NRiwPqy4KimoSaiBN5lgWQuJevaQmTDrLEpD1lAma8bEvay3qGCYnMoM0V6gn5AJKg+zShUihU0hNhEB+jdJ5kJD7cb7TFibJtE1FjnpCiFjZcQBYAs9+SB8q0R9KeIQB/Z8ca55XwoCJfEXlBsbI4BBxdbQvVeCHXdikRwgxL9hEkTHKQX2A76T4bCI8T3efYD8TMJIAkDdEqgCQPKO+ljx1of5S17gF530UsAMgukD3hM9ohm2TxGAE44pNEyHS/x36Z8Acwvj1FR/Hiktdl3S7lKhUEU6MAsrRvea1SYAkokzWBgg3iHzH+ydHd5cUnYd1Dwh53L6I+PimVnHGTfpjlMVI+qEyQ0TKqhl12w+eAgrVkzZ/BXzKT29RS6wMSZ5Ylq3bYPUBAgP3berjJgjKydrMwM6uRskIZZklQ7iwoAJN2XcTuRVzXYBdJ9yIQR1bVwxdsgyyNhwgmw8lZxAXlicqCkg1KaXg5UovXSLJQ3yzliagOMoyQRjl4UnngGIPLGVfrLXExKZUa7lNjAZzgJAQ9OiCzAYLDiPXIqtUyMspOYnhpUCamZZ0j1lM+b1OX8ROVTLqKh+sc5RhHGElnySQwM1qZzKNA1CaHtpnb4iPMmdzbtW6JwJZP3iUgLlYgSNJ2gGSs4LNWwQqWlzznpGY93CbYWYhE58iTWfNi8QgnxfE8IeHJPes4TxrfZfp+Dces4lgDDWLl5G2/PH5jhH3cOZA93LsRloZQqdSklogO4+4ObdJm2QQaAFhFkGvY37OOBrCOa4RYw0WPrB696VcPX/fLw1f9yv1X/fIeH+75kM+Hfd5c8g6Zt/l80MIDF9HvA8J6t2Noj4kVlBih2AjsuwIZsoTM4uhnYx3tdg3dbA3dbRXXleXB636x/2qQukEZPjzxCRBc/x686MPud4ltvo8CV7FM+A7WXttnqlfzQRJiFZN6BK4DCQgBytky5FbwALPEFVxyC96O85maLwP4iLr7Mv0kJBFyia8yydPEVh4//jrhX20KvSkk/m++fLNsZdY54vaBrO4je3eQPTzgdDcgmMXKa0O+jmEGLvMDIcS32PZ2G8sjuK6BfkipycfFredGdym9NRQKqrwK1buekrldLO9AdBsZvApRHoQPKkLnkaUNwF/ryQb5aviXnAvfJDYzFyn7rO8ufmvopyv/Q7gn4ti4+azAYyYBgfQ69EX/G7/n1kteKVa1AAAAAElFTkSuQmCC)",
]
`;

exports[`loader should work with options exclude that is RegExp: assets 1`] = `
Array [
  "main.bundle.js",
]
`;

exports[`loader should work with options exclude that is RegExp: errors 1`] = `Array []`;

exports[`loader should work with options exclude that is RegExp: result 1`] = `
Array [
  "\\"background-image\\":
            \\"url(data:image/png;base64,iVBORw0KGgoAAAANSUhEUgAAADAAAAA1CAYAAAAHz2g0AAAAAXNSR0IArs4c6QAAAARnQU1BAACxjwv8YQUAAAAJcEhZcwAADsMAAA7DAcdvqGQAAAhQSURBVGhD1Zppe9VGEoW7da+XHz3BYGIW2xA224AXAoHM+ptmkkwIIWSYJQlMIEQ5p7pPq9RqGT98mvnwPi1ruXqrbnVpuQ7hd3/t40d/K4RzX51K3Ph7cz2xbeczG1jn0fozEi983SRsDsSLT/vg5c8aQCuIsl4SHxpA3pey3eZTo8hzu5P/vwxA4s0AunNfTMRqJOqDGK3zIo0AJDPHe/ebC4DyZwmgO48PccIebpPAhwZAymdUx9i30QpA8v8rAZDyOfmYlnz38Td9oJSXWEKCUKZFOPdlU6yw8UUfz385IXC8gHM16DZx7otiKulZbD3rA8WxzfABUPC9AXj5KgDLXiVeaIgTys8FUMuTqABIK4D30ZK3r5ytjQHkzypwXQsn6mlJE4p7ShA6UUu2RTProPRnLPv9tV0tUZxFmrBkankRthBALeJP7gVEkb8AqouK4fadEyYSLJnMtERJd+nbPl5OhEuQFyN5nuwMAdjYkDcpJy28sOc0YUJpL14TroA6AC3XSNhDMZtIWcaEcjCiFi77OVGf0Xj5uwlBXHkxXr4KPjQACZ4WQEvc9mmIJ3lmNglOxIX9DShvAVRiLbxU6b+iIdhCwnUZdFeeQ+R5H7chDUpmOW5/X4g7/zDs7x2wi2XSEvZ4+UkADdEmkywnKC5Mfgc0pEm3+7KP116O5UsAXqoSH20jkmILE04wbLFLQGqOVllU0pKjMOmu/9MIn4Br2EauIxhSC/pslwBcNk+v37H87ERsyCvTXlzyJi4krr9rwRKMX+ephGuK6JywJl+V9SEAyF2DmLj+r4Eb/4Y0RsJl0pR0KOMFJ8sJWDMRBvEqJDNz4qXGG/LxkyzriDf/Y5QAJDgnrsxPhF0HKV2kkq7FvXxdMqNsV7ImfCtz+4dELWsBsESytJdX1indkjcqcckX4VPlMeZsj6Qh2t3Kwl7eAmDXEJx8voughm0CunLottPJNdYErJ/Aus5ElIYo2c5lUkrlJqgzLe78OLAHTm17Tr5ktCHt8eJxZxCvA5iVl3gt78Ulv/8TAsiyk3YnedcxKMjJpgnXYlZYVOKtcmmKS7hG4l3OtM+6Fz+LfGIoEdI5YUkXsjTru9S4zzKIez8ZlI0HryaEUXkY4xIwnIzHi7WQqJVGxksry5GiYu81ZAfiwX+N7u7PRrhXoboeJmWWrsQXECHvE5ewz7BH4l66Q4aJZTsL1+KLe2/6eH9KoDTbWbmQ+Lp1UqS7AYksOEe8ia8eaAy38PU74m187XcSzDbp9iEKTHofUnffFuK9XwYO300IrRqur4JFHhlsSRfY/kw6i9/O4n6kPEsjl0oRB+EuGeTD/SRuo5c+yuPxr5gDEs7MZdjk53qzQDmY4F7KrhdcHKRSMFHUri2jBHxp2Pr77/ru6FeDghpFPOn7ADSOA/A3SS3xOXkTB2h1ymYLy3CefBTuDt8akTAArquEJV2Ea8rdXabUrifXbymBGmRcXWPSKawsHMx2lu6OfjHCcR6PUDZYDifgAUqkQfwUQXlGGbdLeJb1OFlNPJWIqDM8h6QXx5A5GTMnLLx4fIhvBYRReQDfJVrCdVmYeEPUyGVhmc1ItnuQpDqKUKiA7D8ciI+wf0UQn/EbqOrZC5NRiwPqy4KimoSaiBN5lgWQuJevaQmTDrLEpD1lAma8bEvay3qGCYnMoM0V6gn5AJKg+zShUihU0hNhEB+jdJ5kJD7cb7TFibJtE1FjnpCiFjZcQBYAs9+SB8q0R9KeIQB/Z8ca55XwoCJfEXlBsbI4BBxdbQvVeCHXdikRwgxL9hEkTHKQX2A76T4bCI8T3efYD8TMJIAkDdEqgCQPKO+ljx1of5S17gF530UsAMgukD3hM9ohm2TxGAE44pNEyHS/x36Z8Acwvj1FR/Hiktdl3S7lKhUEU6MAsrRvea1SYAkokzWBgg3iHzH+ydHd5cUnYd1Dwh53L6I+PimVnHGTfpjlMVI+qEyQ0TKqhl12w+eAgrVkzZ/BXzKT29RS6wMSZ5Ylq3bYPUBAgP3berjJgjKydrMwM6uRskIZZklQ7iwoAJN2XcTuRVzXYBdJ9yIQR1bVwxdsgyyNhwgmw8lZxAXlicqCkg1KaXg5UovXSLJQ3yzliagOMoyQRjl4UnngGIPLGVfrLXExKZUa7lNjAZzgJAQ9OiCzAYLDiPXIqtUyMspOYnhpUCamZZ0j1lM+b1OX8ROVTLqKh+sc5RhHGElnySQwM1qZzKNA1CaHtpnb4iPMmdzbtW6JwJZP3iUgLlYgSNJ2gGSs4LNWwQqWlzznpGY93CbYWYhE58iTWfNi8QgnxfE8IeHJPes4TxrfZfp+Dces4lgDDWLl5G2/PH5jhH3cOZA93LsRloZQqdSklogO4+4ObdJm2QQaAFhFkGvY37OOBrCOa4RYw0WPrB696VcPX/fLw1f9yv1X/fIeH+75kM+Hfd5c8g6Zt/l80MIDF9HvA8J6t2Noj4kVlBih2AjsuwIZsoTM4uhnYx3tdg3dbA3dbRXXleXB636x/2qQukEZPjzxCRBc/x686MPud4ltvo8CV7FM+A7WXttnqlfzQRJiFZN6BK4DCQgBytky5FbwALPEFVxyC96O85maLwP4iLr7Mv0kJBFyia8yydPEVh4//jrhX20KvSkk/m++fLNsZdY54vaBrO4je3eQPTzgdDcgmMXKa0O+jmEGLvMDIcS32PZ2G8sjuK6BfkipycfFredGdym9NRQKqrwK1buekrldLO9AdBsZvApRHoQPKkLnkaUNwF/ryQb5aviXnAvfJDYzFyn7rO8ufmvopyv/Q7gn4ti4+azAYyYBgfQ69EX/G7/n1kteKVa1AAAAAElFTkSuQmCC)\\"",
]
`;

exports[`loader should work with options exclude that is String Array : assets 1`] = `
Array [
  "main.bundle.js",
]
`;

exports[`loader should work with options exclude that is String Array : errors 1`] = `Array []`;

exports[`loader should work with options exclude that is String Array : result 1`] = `Array []`;

exports[`loader should work with options include that is RegExp: assets 1`] = `
Array [
  "main.bundle.js",
]
`;

exports[`loader should work with options include that is RegExp: errors 1`] = `Array []`;

exports[`loader should work with options include that is RegExp: result 1`] = `
Array [
  "\\"background-image\\":
            \\"url(data:image/png;base64,iVBORw0KGgoAAAANSUhEUgAAADAAAAA1CAYAAAAHz2g0AAAAAXNSR0IArs4c6QAAAARnQU1BAACxjwv8YQUAAAAJcEhZcwAADsMAAA7DAcdvqGQAAAhQSURBVGhD1Zppe9VGEoW7da+XHz3BYGIW2xA224AXAoHM+ptmkkwIIWSYJQlMIEQ5p7pPq9RqGT98mvnwPi1ruXqrbnVpuQ7hd3/t40d/K4RzX51K3Ph7cz2xbeczG1jn0fozEi983SRsDsSLT/vg5c8aQCuIsl4SHxpA3pey3eZTo8hzu5P/vwxA4s0AunNfTMRqJOqDGK3zIo0AJDPHe/ebC4DyZwmgO48PccIebpPAhwZAymdUx9i30QpA8v8rAZDyOfmYlnz38Td9oJSXWEKCUKZFOPdlU6yw8UUfz385IXC8gHM16DZx7otiKulZbD3rA8WxzfABUPC9AXj5KgDLXiVeaIgTys8FUMuTqABIK4D30ZK3r5ytjQHkzypwXQsn6mlJE4p7ShA6UUu2RTProPRnLPv9tV0tUZxFmrBkankRthBALeJP7gVEkb8AqouK4fadEyYSLJnMtERJd+nbPl5OhEuQFyN5nuwMAdjYkDcpJy28sOc0YUJpL14TroA6AC3XSNhDMZtIWcaEcjCiFi77OVGf0Xj5uwlBXHkxXr4KPjQACZ4WQEvc9mmIJ3lmNglOxIX9DShvAVRiLbxU6b+iIdhCwnUZdFeeQ+R5H7chDUpmOW5/X4g7/zDs7x2wi2XSEvZ4+UkADdEmkywnKC5Mfgc0pEm3+7KP116O5UsAXqoSH20jkmILE04wbLFLQGqOVllU0pKjMOmu/9MIn4Br2EauIxhSC/pslwBcNk+v37H87ERsyCvTXlzyJi4krr9rwRKMX+ephGuK6JywJl+V9SEAyF2DmLj+r4Eb/4Y0RsJl0pR0KOMFJ8sJWDMRBvEqJDNz4qXGG/LxkyzriDf/Y5QAJDgnrsxPhF0HKV2kkq7FvXxdMqNsV7ImfCtz+4dELWsBsESytJdX1indkjcqcckX4VPlMeZsj6Qh2t3Kwl7eAmDXEJx8voughm0CunLottPJNdYErJ/Aus5ElIYo2c5lUkrlJqgzLe78OLAHTm17Tr5ktCHt8eJxZxCvA5iVl3gt78Ulv/8TAsiyk3YnedcxKMjJpgnXYlZYVOKtcmmKS7hG4l3OtM+6Fz+LfGIoEdI5YUkXsjTru9S4zzKIez8ZlI0HryaEUXkY4xIwnIzHi7WQqJVGxksry5GiYu81ZAfiwX+N7u7PRrhXoboeJmWWrsQXECHvE5ewz7BH4l66Q4aJZTsL1+KLe2/6eH9KoDTbWbmQ+Lp1UqS7AYksOEe8ia8eaAy38PU74m187XcSzDbp9iEKTHofUnffFuK9XwYO300IrRqur4JFHhlsSRfY/kw6i9/O4n6kPEsjl0oRB+EuGeTD/SRuo5c+yuPxr5gDEs7MZdjk53qzQDmY4F7KrhdcHKRSMFHUri2jBHxp2Pr77/ru6FeDghpFPOn7ADSOA/A3SS3xOXkTB2h1ymYLy3CefBTuDt8akTAArquEJV2Ea8rdXabUrifXbymBGmRcXWPSKawsHMx2lu6OfjHCcR6PUDZYDifgAUqkQfwUQXlGGbdLeJb1OFlNPJWIqDM8h6QXx5A5GTMnLLx4fIhvBYRReQDfJVrCdVmYeEPUyGVhmc1ItnuQpDqKUKiA7D8ciI+wf0UQn/EbqOrZC5NRiwPqy4KimoSaiBN5lgWQuJevaQmTDrLEpD1lAma8bEvay3qGCYnMoM0V6gn5AJKg+zShUihU0hNhEB+jdJ5kJD7cb7TFibJtE1FjnpCiFjZcQBYAs9+SB8q0R9KeIQB/Z8ca55XwoCJfEXlBsbI4BBxdbQvVeCHXdikRwgxL9hEkTHKQX2A76T4bCI8T3efYD8TMJIAkDdEqgCQPKO+ljx1of5S17gF530UsAMgukD3hM9ohm2TxGAE44pNEyHS/x36Z8Acwvj1FR/Hiktdl3S7lKhUEU6MAsrRvea1SYAkokzWBgg3iHzH+ydHd5cUnYd1Dwh53L6I+PimVnHGTfpjlMVI+qEyQ0TKqhl12w+eAgrVkzZ/BXzKT29RS6wMSZ5Ylq3bYPUBAgP3berjJgjKydrMwM6uRskIZZklQ7iwoAJN2XcTuRVzXYBdJ9yIQR1bVwxdsgyyNhwgmw8lZxAXlicqCkg1KaXg5UovXSLJQ3yzliagOMoyQRjl4UnngGIPLGVfrLXExKZUa7lNjAZzgJAQ9OiCzAYLDiPXIqtUyMspOYnhpUCamZZ0j1lM+b1OX8ROVTLqKh+sc5RhHGElnySQwM1qZzKNA1CaHtpnb4iPMmdzbtW6JwJZP3iUgLlYgSNJ2gGSs4LNWwQqWlzznpGY93CbYWYhE58iTWfNi8QgnxfE8IeHJPes4TxrfZfp+Dces4lgDDWLl5G2/PH5jhH3cOZA93LsRloZQqdSklogO4+4ObdJm2QQaAFhFkGvY37OOBrCOa4RYw0WPrB696VcPX/fLw1f9yv1X/fIeH+75kM+Hfd5c8g6Zt/l80MIDF9HvA8J6t2Noj4kVlBih2AjsuwIZsoTM4uhnYx3tdg3dbA3dbRXXleXB636x/2qQukEZPjzxCRBc/x686MPud4ltvo8CV7FM+A7WXttnqlfzQRJiFZN6BK4DCQgBytky5FbwALPEFVxyC96O85maLwP4iLr7Mv0kJBFyia8yydPEVh4//jrhX20KvSkk/m++fLNsZdY54vaBrO4je3eQPTzgdDcgmMXKa0O+jmEGLvMDIcS32PZ2G8sjuK6BfkipycfFredGdym9NRQKqrwK1buekrldLO9AdBsZvApRHoQPKkLnkaUNwF/ryQb5aviXnAvfJDYzFyn7rO8ufmvopyv/Q7gn4ti4+azAYyYBgfQ69EX/G7/n1kteKVa1AAAAAElFTkSuQmCC)\\"",
]
`;

exports[`loader should work with options include that is String Array: assets 1`] = `
Array [
  "main.bundle.js",
]
`;

exports[`loader should work with options include that is String Array: errors 1`] = `Array []`;

exports[`loader should work with options include that is String Array: result 1`] = `
Array [
  "background:
                      \\"url(data:image/png;base64,iVBORw0KGgoAAAANSUhEUgAAAH4AAAAbCAYAAAC6GjthAAAAAXNSR0IArs4c6QAAAARnQU1BAACxjwv8YQUAAAAJcEhZcwAADsMAAA7DAcdvqGQAAAaVSURBVGhD7dprd9NGEMZxSe53bikJIYSEkBBIAvTLtbTQUlp6oRduL9N5RvusZ0ezkm8JHMqL/5G8ujjHP68sG5rmy28v2q++C2uupb5+kpL1re8v2u0fNKwzjo3VbD8bduPHXLvzk2bHin1vyraR2t3n/foOjsW5JaxzG9bTY3tMbu/nat3tF9LzFNZfXDRSu//LoObgpdbe+W2husPftdndPzSsN2kMS4y1UnM0rz3+M8zuM0y26z5S+xk+19yq4181vG1R+O7eq1y0XcFZNOMzeIF++fDVuK8BiyrgbdxmHttjloUHOFsGvqkluAi4CpweD8avDL5A/4DwzGJGEXRqnI+lTwke2X2K7sp5jl/J+hj8AJz9v+GbfdkHVeCbA/bxwiu+XBEK+O7aE82Dt9cFVrp0+GjMZsDCAthiPNj+KcFPXeqr8B7col8pvBvPN30GLCyALcaD7SvBmzdACV7Ch8hRHtigF+NAP07dk9ntak8ENhVtLxqDt+if4T8sfJ7tI/Aat/uO5Fx2v+LS7u/mr7sqyPkNYPYJM5iTRW+MKUg/7srA3F/C4+6WwEqA91n8ObgcuyfnvC1jyMMHqMvEN0AnN2H5zZAu7wWezyIzPE7biyvCRuFH0v0s4lSrwE/k0TlG/DH0Aj4nVwGPvmF44m8cPqNbeFzSPfqK8MV+FjFo8OONqbjUrwjPiO0bQ8/wB/0Mb+/8mpuDswq63FlPli7p9qYsGovifr68z8lfuUuFH+wXgNryZ3ltnHirwqd9gczLe0bH9jF0xJlegz+UdRTA66yNoH0eKxWN+XisrdhHwLv7f2slPMDZmvB+H93Pgfo+NHwEjvTGTpNzOPg80w9ku4U36BHIWAXWEk0dr+Bs0/B+G+tuPB2A+ghs8YsxCxjAE7HW5H4V9AzPGe8/23mJJ7xB5+fzMmWo0e/kw8aOx2f8pcH7cQb0ReC7m/LiG2gbthFuVXiUz+GO0dlfQSd8q5/v/Wd8UQZ38AZz0TzaqvD++CuHJ/rHAo/yedIxU+iE7w5xiXezHdB3X160R7i89+uKbj6vl4mIFo54BKwt9RxyF6/7yp27Hoe7eG5P6O2Dfww8v8Kl+KNNtyV4uWdae/2p1mz1tfK1C3XAc5gW7wvBQ0CMyv+M6kBzO/JcN+W5XA2Wu/JcQd0tee49No47w48xstQbOSaP8SNNd5A+0+3MBjLRjyWHR4D53XSCWKPmfn2puCdEno939+Uu/oEE+FNBRxbbtgr8DDOzAg/YSXiL7uB1tjrwXACOgF6D9+hIf4WTZYGfxmvoGtAjeHnh+3p4AKyT4o4FdMYxgOcs/MglfXj5lhc55dE1AbboHn6qCF0vzfiKBfh0rhzGogywLcJGCmvK+OkmLt/BE/1IsFkArpffArz/ChVhLlOBHDWKLn+LXOJRd/qvwBvkMfT+c1ogLbRJtyWQVdBROMul/P1a1u3+3M6vZmwRbIRLu0dn9s49o3OGW3Qpz3BmZvocfQPwDnKQfROY8fZUPtdRFd40RO/hI3wPzTygRbNwLKPvStGPKWbfGjQibJ65qQgY8fNbgXnTZsE9urm0c4bPZ3mfQgk2b6Y2Ec9XTd5o9nF0DqTwFjiCn6OvBl9ALQCvywBdMQ02s9C2MWgEbAvuGwXHLL8n39EHM3yOTnj/gq+TPVdUDd0ez/WmuYFf1FLbgo7smNxJ5xKwBnCDjohnI6oipXUfoW0A5c1VnrHpTcA8dN7PAJczuPyPEcV/jsBXMLvuf0pFhE8z3M/y+SW3fPHzC3+2Zul8tWrPO+9NrocnrIe36Mgg1+AVck14wo7BR+C6TwDeo2Mm97ADcKaPpQgdKbosA3QPb0E2gm7i+fxS4eWOHc+Jpd0+O3styx59dvZW4O1dNNdtFjG4lIeZz+ipLGb+CsUC2ChC+8t1d9hfpvE9u/+BJQFime7Ei7txPDb/jJnjP3f6MXcXTej8lQkI8sK3Z29SgnPuevhaax/JLPTbXLqP7Nud98dgibHZQwF9/LYY1/3T8/V/g6yfyv7yd3TnhCfYCDpaGD4AjrLoA/gAOGwwq/vyZ3OC19kaYCP+whWiA5bQ0bYReL7geLEbBGQDqWFMIupCBcc30RvnTP6OovR3hPAW0BVdplGEmrOYaSyERsTEVylmYJt9AeV/a4qKLt8Om2i8PBdflRxkrjqOY3CsXGLNjyMWPKPzBX8Y9OjdEvGYtHycxr95X45jeS7PKVcDXeo6t727+A/8uSB12ZgfawAAAABJRU5ErkJggg==)\\"",
]
`;

exports[`loader should work with options: limit: assets 1`] = `
Array [
  "main.bundle.js",
]
`;

exports[`loader should work with options: limit: errors 1`] = `Array []`;

exports[`loader should work with options: limit: result 1`] = `
Array [
  "\\"background-image\\":
            \\"url(data:image/png;base64,iVBORw0KGgoAAAANSUhEUgAAADAAAAA1CAYAAAAHz2g0AAAAAXNSR0IArs4c6QAAAARnQU1BAACxjwv8YQUAAAAJcEhZcwAADsMAAA7DAcdvqGQAAAhQSURBVGhD1Zppe9VGEoW7da+XHz3BYGIW2xA224AXAoHM+ptmkkwIIWSYJQlMIEQ5p7pPq9RqGT98mvnwPi1ruXqrbnVpuQ7hd3/t40d/K4RzX51K3Ph7cz2xbeczG1jn0fozEi983SRsDsSLT/vg5c8aQCuIsl4SHxpA3pey3eZTo8hzu5P/vwxA4s0AunNfTMRqJOqDGK3zIo0AJDPHe/ebC4DyZwmgO48PccIebpPAhwZAymdUx9i30QpA8v8rAZDyOfmYlnz38Td9oJSXWEKCUKZFOPdlU6yw8UUfz385IXC8gHM16DZx7otiKulZbD3rA8WxzfABUPC9AXj5KgDLXiVeaIgTys8FUMuTqABIK4D30ZK3r5ytjQHkzypwXQsn6mlJE4p7ShA6UUu2RTProPRnLPv9tV0tUZxFmrBkankRthBALeJP7gVEkb8AqouK4fadEyYSLJnMtERJd+nbPl5OhEuQFyN5nuwMAdjYkDcpJy28sOc0YUJpL14TroA6AC3XSNhDMZtIWcaEcjCiFi77OVGf0Xj5uwlBXHkxXr4KPjQACZ4WQEvc9mmIJ3lmNglOxIX9DShvAVRiLbxU6b+iIdhCwnUZdFeeQ+R5H7chDUpmOW5/X4g7/zDs7x2wi2XSEvZ4+UkADdEmkywnKC5Mfgc0pEm3+7KP116O5UsAXqoSH20jkmILE04wbLFLQGqOVllU0pKjMOmu/9MIn4Br2EauIxhSC/pslwBcNk+v37H87ERsyCvTXlzyJi4krr9rwRKMX+ephGuK6JywJl+V9SEAyF2DmLj+r4Eb/4Y0RsJl0pR0KOMFJ8sJWDMRBvEqJDNz4qXGG/LxkyzriDf/Y5QAJDgnrsxPhF0HKV2kkq7FvXxdMqNsV7ImfCtz+4dELWsBsESytJdX1indkjcqcckX4VPlMeZsj6Qh2t3Kwl7eAmDXEJx8voughm0CunLottPJNdYErJ/Aus5ElIYo2c5lUkrlJqgzLe78OLAHTm17Tr5ktCHt8eJxZxCvA5iVl3gt78Ulv/8TAsiyk3YnedcxKMjJpgnXYlZYVOKtcmmKS7hG4l3OtM+6Fz+LfGIoEdI5YUkXsjTru9S4zzKIez8ZlI0HryaEUXkY4xIwnIzHi7WQqJVGxksry5GiYu81ZAfiwX+N7u7PRrhXoboeJmWWrsQXECHvE5ewz7BH4l66Q4aJZTsL1+KLe2/6eH9KoDTbWbmQ+Lp1UqS7AYksOEe8ia8eaAy38PU74m187XcSzDbp9iEKTHofUnffFuK9XwYO300IrRqur4JFHhlsSRfY/kw6i9/O4n6kPEsjl0oRB+EuGeTD/SRuo5c+yuPxr5gDEs7MZdjk53qzQDmY4F7KrhdcHKRSMFHUri2jBHxp2Pr77/ru6FeDghpFPOn7ADSOA/A3SS3xOXkTB2h1ymYLy3CefBTuDt8akTAArquEJV2Ea8rdXabUrifXbymBGmRcXWPSKawsHMx2lu6OfjHCcR6PUDZYDifgAUqkQfwUQXlGGbdLeJb1OFlNPJWIqDM8h6QXx5A5GTMnLLx4fIhvBYRReQDfJVrCdVmYeEPUyGVhmc1ItnuQpDqKUKiA7D8ciI+wf0UQn/EbqOrZC5NRiwPqy4KimoSaiBN5lgWQuJevaQmTDrLEpD1lAma8bEvay3qGCYnMoM0V6gn5AJKg+zShUihU0hNhEB+jdJ5kJD7cb7TFibJtE1FjnpCiFjZcQBYAs9+SB8q0R9KeIQB/Z8ca55XwoCJfEXlBsbI4BBxdbQvVeCHXdikRwgxL9hEkTHKQX2A76T4bCI8T3efYD8TMJIAkDdEqgCQPKO+ljx1of5S17gF530UsAMgukD3hM9ohm2TxGAE44pNEyHS/x36Z8Acwvj1FR/Hiktdl3S7lKhUEU6MAsrRvea1SYAkokzWBgg3iHzH+ydHd5cUnYd1Dwh53L6I+PimVnHGTfpjlMVI+qEyQ0TKqhl12w+eAgrVkzZ/BXzKT29RS6wMSZ5Ylq3bYPUBAgP3berjJgjKydrMwM6uRskIZZklQ7iwoAJN2XcTuRVzXYBdJ9yIQR1bVwxdsgyyNhwgmw8lZxAXlicqCkg1KaXg5UovXSLJQ3yzliagOMoyQRjl4UnngGIPLGVfrLXExKZUa7lNjAZzgJAQ9OiCzAYLDiPXIqtUyMspOYnhpUCamZZ0j1lM+b1OX8ROVTLqKh+sc5RhHGElnySQwM1qZzKNA1CaHtpnb4iPMmdzbtW6JwJZP3iUgLlYgSNJ2gGSs4LNWwQqWlzznpGY93CbYWYhE58iTWfNi8QgnxfE8IeHJPes4TxrfZfp+Dces4lgDDWLl5G2/PH5jhH3cOZA93LsRloZQqdSklogO4+4ObdJm2QQaAFhFkGvY37OOBrCOa4RYw0WPrB696VcPX/fLw1f9yv1X/fIeH+75kM+Hfd5c8g6Zt/l80MIDF9HvA8J6t2Noj4kVlBih2AjsuwIZsoTM4uhnYx3tdg3dbA3dbRXXleXB636x/2qQukEZPjzxCRBc/x686MPud4ltvo8CV7FM+A7WXttnqlfzQRJiFZN6BK4DCQgBytky5FbwALPEFVxyC96O85maLwP4iLr7Mv0kJBFyia8yydPEVh4//jrhX20KvSkk/m++fLNsZdY54vaBrO4je3eQPTzgdDcgmMXKa0O+jmEGLvMDIcS32PZ2G8sjuK6BfkipycfFredGdym9NRQKqrwK1buekrldLO9AdBsZvApRHoQPKkLnkaUNwF/ryQb5aviXnAvfJDYzFyn7rO8ufmvopyv/Q7gn4ti4+azAYyYBgfQ69EX/G7/n1kteKVa1AAAAAElFTkSuQmCC)\\"",
]
`;

exports[`loader should work with vue file: assets 1`] = `
Array [
  "main.bundle.js",
]
`;

exports[`loader should work with vue file: errors 1`] = `Array []`;

exports[`loader should work with vue file: result 1`] = `
Array [
  "\\"background-image\\":
            \\"url(data:image/png;base64,iVBORw0KGgoAAAANSUhEUgAAADAAAAA1CAYAAAAHz2g0AAAAAXNSR0IArs4c6QAAAARnQU1BAACxjwv8YQUAAAAJcEhZcwAADsMAAA7DAcdvqGQAAAhQSURBVGhD1Zppe9VGEoW7da+XHz3BYGIW2xA224AXAoHM+ptmkkwIIWSYJQlMIEQ5p7pPq9RqGT98mvnwPi1ruXqrbnVpuQ7hd3/t40d/K4RzX51K3Ph7cz2xbeczG1jn0fozEi983SRsDsSLT/vg5c8aQCuIsl4SHxpA3pey3eZTo8hzu5P/vwxA4s0AunNfTMRqJOqDGK3zIo0AJDPHe/ebC4DyZwmgO48PccIebpPAhwZAymdUx9i30QpA8v8rAZDyOfmYlnz38Td9oJSXWEKCUKZFOPdlU6yw8UUfz385IXC8gHM16DZx7otiKulZbD3rA8WxzfABUPC9AXj5KgDLXiVeaIgTys8FUMuTqABIK4D30ZK3r5ytjQHkzypwXQsn6mlJE4p7ShA6UUu2RTProPRnLPv9tV0tUZxFmrBkankRthBALeJP7gVEkb8AqouK4fadEyYSLJnMtERJd+nbPl5OhEuQFyN5nuwMAdjYkDcpJy28sOc0YUJpL14TroA6AC3XSNhDMZtIWcaEcjCiFi77OVGf0Xj5uwlBXHkxXr4KPjQACZ4WQEvc9mmIJ3lmNglOxIX9DShvAVRiLbxU6b+iIdhCwnUZdFeeQ+R5H7chDUpmOW5/X4g7/zDs7x2wi2XSEvZ4+UkADdEmkywnKC5Mfgc0pEm3+7KP116O5UsAXqoSH20jkmILE04wbLFLQGqOVllU0pKjMOmu/9MIn4Br2EauIxhSC/pslwBcNk+v37H87ERsyCvTXlzyJi4krr9rwRKMX+ephGuK6JywJl+V9SEAyF2DmLj+r4Eb/4Y0RsJl0pR0KOMFJ8sJWDMRBvEqJDNz4qXGG/LxkyzriDf/Y5QAJDgnrsxPhF0HKV2kkq7FvXxdMqNsV7ImfCtz+4dELWsBsESytJdX1indkjcqcckX4VPlMeZsj6Qh2t3Kwl7eAmDXEJx8voughm0CunLottPJNdYErJ/Aus5ElIYo2c5lUkrlJqgzLe78OLAHTm17Tr5ktCHt8eJxZxCvA5iVl3gt78Ulv/8TAsiyk3YnedcxKMjJpgnXYlZYVOKtcmmKS7hG4l3OtM+6Fz+LfGIoEdI5YUkXsjTru9S4zzKIez8ZlI0HryaEUXkY4xIwnIzHi7WQqJVGxksry5GiYu81ZAfiwX+N7u7PRrhXoboeJmWWrsQXECHvE5ewz7BH4l66Q4aJZTsL1+KLe2/6eH9KoDTbWbmQ+Lp1UqS7AYksOEe8ia8eaAy38PU74m187XcSzDbp9iEKTHofUnffFuK9XwYO300IrRqur4JFHhlsSRfY/kw6i9/O4n6kPEsjl0oRB+EuGeTD/SRuo5c+yuPxr5gDEs7MZdjk53qzQDmY4F7KrhdcHKRSMFHUri2jBHxp2Pr77/ru6FeDghpFPOn7ADSOA/A3SS3xOXkTB2h1ymYLy3CefBTuDt8akTAArquEJV2Ea8rdXabUrifXbymBGmRcXWPSKawsHMx2lu6OfjHCcR6PUDZYDifgAUqkQfwUQXlGGbdLeJb1OFlNPJWIqDM8h6QXx5A5GTMnLLx4fIhvBYRReQDfJVrCdVmYeEPUyGVhmc1ItnuQpDqKUKiA7D8ciI+wf0UQn/EbqOrZC5NRiwPqy4KimoSaiBN5lgWQuJevaQmTDrLEpD1lAma8bEvay3qGCYnMoM0V6gn5AJKg+zShUihU0hNhEB+jdJ5kJD7cb7TFibJtE1FjnpCiFjZcQBYAs9+SB8q0R9KeIQB/Z8ca55XwoCJfEXlBsbI4BBxdbQvVeCHXdikRwgxL9hEkTHKQX2A76T4bCI8T3efYD8TMJIAkDdEqgCQPKO+ljx1of5S17gF530UsAMgukD3hM9ohm2TxGAE44pNEyHS/x36Z8Acwvj1FR/Hiktdl3S7lKhUEU6MAsrRvea1SYAkokzWBgg3iHzH+ydHd5cUnYd1Dwh53L6I+PimVnHGTfpjlMVI+qEyQ0TKqhl12w+eAgrVkzZ/BXzKT29RS6wMSZ5Ylq3bYPUBAgP3berjJgjKydrMwM6uRskIZZklQ7iwoAJN2XcTuRVzXYBdJ9yIQR1bVwxdsgyyNhwgmw8lZxAXlicqCkg1KaXg5UovXSLJQ3yzliagOMoyQRjl4UnngGIPLGVfrLXExKZUa7lNjAZzgJAQ9OiCzAYLDiPXIqtUyMspOYnhpUCamZZ0j1lM+b1OX8ROVTLqKh+sc5RhHGElnySQwM1qZzKNA1CaHtpnb4iPMmdzbtW6JwJZP3iUgLlYgSNJ2gGSs4LNWwQqWlzznpGY93CbYWYhE58iTWfNi8QgnxfE8IeHJPes4TxrfZfp+Dces4lgDDWLl5G2/PH5jhH3cOZA93LsRloZQqdSklogO4+4ObdJm2QQaAFhFkGvY37OOBrCOa4RYw0WPrB696VcPX/fLw1f9yv1X/fIeH+75kM+Hfd5c8g6Zt/l80MIDF9HvA8J6t2Noj4kVlBih2AjsuwIZsoTM4uhnYx3tdg3dbA3dbRXXleXB636x/2qQukEZPjzxCRBc/x686MPud4ltvo8CV7FM+A7WXttnqlfzQRJiFZN6BK4DCQgBytky5FbwALPEFVxyC96O85maLwP4iLr7Mv0kJBFyia8yydPEVh4//jrhX20KvSkk/m++fLNsZdY54vaBrO4je3eQPTzgdDcgmMXKa0O+jmEGLvMDIcS32PZ2G8sjuK6BfkipycfFredGdym9NRQKqrwK1buekrldLO9AdBsZvApRHoQPKkLnkaUNwF/ryQb5aviXnAvfJDYzFyn7rO8ufmvopyv/Q7gn4ti4+azAYyYBgfQ69EX/G7/n1kteKVa1AAAAAElFTkSuQmCC)\\"",
  "background:
                      \\"url(data:image/png;base64,iVBORw0KGgoAAAANSUhEUgAAADAAAAA1CAYAAAAHz2g0AAAAAXNSR0IArs4c6QAAAARnQU1BAACxjwv8YQUAAAAJcEhZcwAADsMAAA7DAcdvqGQAAAhQSURBVGhD1Zppe9VGEoW7da+XHz3BYGIW2xA224AXAoHM+ptmkkwIIWSYJQlMIEQ5p7pPq9RqGT98mvnwPi1ruXqrbnVpuQ7hd3/t40d/K4RzX51K3Ph7cz2xbeczG1jn0fozEi983SRsDsSLT/vg5c8aQCuIsl4SHxpA3pey3eZTo8hzu5P/vwxA4s0AunNfTMRqJOqDGK3zIo0AJDPHe/ebC4DyZwmgO48PccIebpPAhwZAymdUx9i30QpA8v8rAZDyOfmYlnz38Td9oJSXWEKCUKZFOPdlU6yw8UUfz385IXC8gHM16DZx7otiKulZbD3rA8WxzfABUPC9AXj5KgDLXiVeaIgTys8FUMuTqABIK4D30ZK3r5ytjQHkzypwXQsn6mlJE4p7ShA6UUu2RTProPRnLPv9tV0tUZxFmrBkankRthBALeJP7gVEkb8AqouK4fadEyYSLJnMtERJd+nbPl5OhEuQFyN5nuwMAdjYkDcpJy28sOc0YUJpL14TroA6AC3XSNhDMZtIWcaEcjCiFi77OVGf0Xj5uwlBXHkxXr4KPjQACZ4WQEvc9mmIJ3lmNglOxIX9DShvAVRiLbxU6b+iIdhCwnUZdFeeQ+R5H7chDUpmOW5/X4g7/zDs7x2wi2XSEvZ4+UkADdEmkywnKC5Mfgc0pEm3+7KP116O5UsAXqoSH20jkmILE04wbLFLQGqOVllU0pKjMOmu/9MIn4Br2EauIxhSC/pslwBcNk+v37H87ERsyCvTXlzyJi4krr9rwRKMX+ephGuK6JywJl+V9SEAyF2DmLj+r4Eb/4Y0RsJl0pR0KOMFJ8sJWDMRBvEqJDNz4qXGG/LxkyzriDf/Y5QAJDgnrsxPhF0HKV2kkq7FvXxdMqNsV7ImfCtz+4dELWsBsESytJdX1indkjcqcckX4VPlMeZsj6Qh2t3Kwl7eAmDXEJx8voughm0CunLottPJNdYErJ/Aus5ElIYo2c5lUkrlJqgzLe78OLAHTm17Tr5ktCHt8eJxZxCvA5iVl3gt78Ulv/8TAsiyk3YnedcxKMjJpgnXYlZYVOKtcmmKS7hG4l3OtM+6Fz+LfGIoEdI5YUkXsjTru9S4zzKIez8ZlI0HryaEUXkY4xIwnIzHi7WQqJVGxksry5GiYu81ZAfiwX+N7u7PRrhXoboeJmWWrsQXECHvE5ewz7BH4l66Q4aJZTsL1+KLe2/6eH9KoDTbWbmQ+Lp1UqS7AYksOEe8ia8eaAy38PU74m187XcSzDbp9iEKTHofUnffFuK9XwYO300IrRqur4JFHhlsSRfY/kw6i9/O4n6kPEsjl0oRB+EuGeTD/SRuo5c+yuPxr5gDEs7MZdjk53qzQDmY4F7KrhdcHKRSMFHUri2jBHxp2Pr77/ru6FeDghpFPOn7ADSOA/A3SS3xOXkTB2h1ymYLy3CefBTuDt8akTAArquEJV2Ea8rdXabUrifXbymBGmRcXWPSKawsHMx2lu6OfjHCcR6PUDZYDifgAUqkQfwUQXlGGbdLeJb1OFlNPJWIqDM8h6QXx5A5GTMnLLx4fIhvBYRReQDfJVrCdVmYeEPUyGVhmc1ItnuQpDqKUKiA7D8ciI+wf0UQn/EbqOrZC5NRiwPqy4KimoSaiBN5lgWQuJevaQmTDrLEpD1lAma8bEvay3qGCYnMoM0V6gn5AJKg+zShUihU0hNhEB+jdJ5kJD7cb7TFibJtE1FjnpCiFjZcQBYAs9+SB8q0R9KeIQB/Z8ca55XwoCJfEXlBsbI4BBxdbQvVeCHXdikRwgxL9hEkTHKQX2A76T4bCI8T3efYD8TMJIAkDdEqgCQPKO+ljx1of5S17gF530UsAMgukD3hM9ohm2TxGAE44pNEyHS/x36Z8Acwvj1FR/Hiktdl3S7lKhUEU6MAsrRvea1SYAkokzWBgg3iHzH+ydHd5cUnYd1Dwh53L6I+PimVnHGTfpjlMVI+qEyQ0TKqhl12w+eAgrVkzZ/BXzKT29RS6wMSZ5Ylq3bYPUBAgP3berjJgjKydrMwM6uRskIZZklQ7iwoAJN2XcTuRVzXYBdJ9yIQR1bVwxdsgyyNhwgmw8lZxAXlicqCkg1KaXg5UovXSLJQ3yzliagOMoyQRjl4UnngGIPLGVfrLXExKZUa7lNjAZzgJAQ9OiCzAYLDiPXIqtUyMspOYnhpUCamZZ0j1lM+b1OX8ROVTLqKh+sc5RhHGElnySQwM1qZzKNA1CaHtpnb4iPMmdzbtW6JwJZP3iUgLlYgSNJ2gGSs4LNWwQqWlzznpGY93CbYWYhE58iTWfNi8QgnxfE8IeHJPes4TxrfZfp+Dces4lgDDWLl5G2/PH5jhH3cOZA93LsRloZQqdSklogO4+4ObdJm2QQaAFhFkGvY37OOBrCOa4RYw0WPrB696VcPX/fLw1f9yv1X/fIeH+75kM+Hfd5c8g6Zt/l80MIDF9HvA8J6t2Noj4kVlBih2AjsuwIZsoTM4uhnYx3tdg3dbA3dbRXXleXB636x/2qQukEZPjzxCRBc/x686MPud4ltvo8CV7FM+A7WXttnqlfzQRJiFZN6BK4DCQgBytky5FbwALPEFVxyC96O85maLwP4iLr7Mv0kJBFyia8yydPEVh4//jrhX20KvSkk/m++fLNsZdY54vaBrO4je3eQPTzgdDcgmMXKa0O+jmEGLvMDIcS32PZ2G8sjuK6BfkipycfFredGdym9NRQKqrwK1buekrldLO9AdBsZvApRHoQPKkLnkaUNwF/ryQb5aviXnAvfJDYzFyn7rO8ufmvopyv/Q7gn4ti4+azAYyYBgfQ69EX/G7/n1kteKVa1AAAAAElFTkSuQmCC)\\"",
]
`;
